FROM alpine:3.7
NAME 0

ENTRYPOINT "/entrypoint.sh" "-x"
ENTRYPOINT "/bin/sh" "-c" "/entrypoint.sh -x"